<?xml version="1.0" encoding="UTF-8" standalone="no"?>
<!--
Licensed to the Apache Software Foundation (ASF) under one or more
contributor license agreements.  See the NOTICE file distributed with
this work for additional information regarding copyright ownership.
The ASF licenses this file to You under the Apache License, Version 2.0
(the "License"); you may not use this file except in compliance with
the License.  You may obtain a copy of the License at

     http://www.apache.org/licenses/LICENSE-2.0

Unless required by applicable law or agreed to in writing, software
distributed under the License is distributed on an "AS IS" BASIS,
WITHOUT WARRANTIES OR CONDITIONS OF ANY KIND, either express or implied.
See the License for the specific language governing permissions and
limitations under the License.
--><web-app xmlns="http://java.sun.com/xml/ns/j2ee" xmlns:xsi="http://www.w3.org/2001/XMLSchema-instance" version="3.0" xsi:schemaLocation="http://java.sun.com/xml/ns/j2ee  http://java.sun.com/xml/ns/javaee/web-app_3_0.xsd">
  <filter>
        <filter-name>gemfire-session-filter</filter-name>
        <filter-class>org.apache.geode.modules.session.filter.SessionCachingFilter</filter-class>
        <init-param>
            <param-name>cache-type</param-name>
            <param-value>peer-to-peer</param-value>
        </init-param>
    </filter>
    <filter>
    <filter-name>existingFilter</filter-name>
    <filter-class>some.Class</filter-class>
  </filter>
    <filter-mapping>
        <filter-name>gemfire-session-filter</filter-name>
        <url-pattern>/*</url-pattern>
    </filter-mapping>

  <filter-mapping>
    <filter-name>existingFilter</filter-name>
    <url-pattern>/*</url-pattern>
  </filter-mapping>

  <servlet>
    <servlet-name>existingServlet</servlet-name>
    <servlet-class>some.Class</servlet-class>
  </servlet>

  <servlet-mapping>
    <servlet-name>existingServlet</servlet-name>
    <url-pattern>/*</url-pattern>
  </servlet-mapping>
</web-app>
