<?xml version="1.0" encoding="UTF-8"?>
<Configuration status="ERROR" shutdownHook="disable" packages="com.gemstone.org.apache.logging.log4j.core.config.xml,com.gemstone.gemfire.internal.logging.log4j">
  <Properties>
    <Property name="gemfire-pattern">[%level{lowerCase=true} %date{yyyy/MM/dd HH:mm:ss.SSS z} &lt;%thread&gt; tid=%tid] %message%n%throwable%n</Property>
  </Properties>
  <Appenders>
    <Console name="STDOUT" target="SYSTEM_OUT">
      <PatternLayout pattern="${gemfire-pattern}"/>
    </Console>
  </Appenders>
  <Loggers>
    <Logger name="com.gemstone" level="WARN" additivity="true"/>
    <Logger name="quickstart" level="WARN" additivity="true"/>
    <Root level="ERROR">
      <AppenderRef ref="STDOUT"/>
    </Root>
  </Loggers>
</Configuration>
